 *******************************************************************************
 **                                                                           **
 **                              MOPAC v23.2.5                                **
 **                                                                           **
 *******************************************************************************
 ** MOPAC's Digital Object Identifier: https://doi.org/10.5281/zenodo.6511958 **
 **                                                                           **
 ** Please cite the open-source release paper for use of this MOPAC version:  **
 ** J. E. Moussa and J. J. P. Stewart (2026)                                  **
 ** MOPAC: An open-source semiempirical molecular orbital program             **
 ** J. Open Source Softw., 11(119), 8025, https://doi.org/10.21105/joss.08025 **
 *******************************************************************************

                              PM7 CALCULATION RESULTS

 *******************************************************************************
 *  CALCULATION DONE: (MAX THREADS = 12)             Tue Aug 25 06:53:04 2026  *
 *  PM7        - The PM7 Hamiltonian to be used
 *  TRIPLET    - SPIN STATE DEFINED AS A TRIPLET
 *  RHF        - RESTRICTED HARTREE-FOCK CALCULATION
 *
 *
 *
 *                 CHARGE ON SYSTEM = 0
 *
 *
 *
 *  OPEN(M,N)  - THERE ARE 2 ELECTRONS IN 2 LEVELS
 *  T=         - A TIME OF 172800.0 SECONDS REQUESTED
 *  DUMP=N     - RESTART FILE WRITTEN EVERY 7200.0 SECONDS REQUESTED
 *  AUX        - OUTPUT AUXILIARY INFORMATION
 *  LARGE      - EXPANDED OUTPUT TO BE PRINTED
 *  GRAPH      - GENERATE FILE FOR GRAPHICS
 *  ALLVEC     - PRINT ALL EIGENVECTORS
 *******************************************************************************
 AUX LARGE CHARGE=0 TRIPLET  PM7 OPEN(2,2)  GRAPHF ALLVEC RHF
  ...
 U 0.00000000 0.00000000 0.00000000
   ATOM   CHEMICAL          X               Y               Z
  NUMBER   SYMBOL      (ANGSTROMS)     (ANGSTROMS)     (ANGSTROMS)

     1       O          0.00000000  *   0.00000000  *   1.77300000  *
     2       O          0.00000000  *   0.00000000  *  -1.77300000  *
     3       I          0.00000000  *  -3.02670000  *   0.00000000  *
     4       I          0.00000000  *   3.02670000  *   0.00000000  *
     5       O          2.31800000  *   0.00000000  *   0.00000000  *
     6       O         -2.31800000  *   0.00000000  *   0.00000000  *
     7       H          2.65790000  *  -0.74870000  *   0.05000000  *
     8       H          2.65790000  *   0.74870000  *  -0.05000000  *
     9       H         -2.65790000  *  -0.74870000  *  -0.05000000  *
    10       H         -2.65790000  *   0.74870000  *   0.05000000  *



          CARTESIAN COORDINATES 

    NO.       ATOM           X           Y           Z

     1         O          0.0000      0.0000      1.7730
     2         O          0.0000      0.0000     -1.7730
     3         I          0.0000     -3.0267      0.0000
     4         I          0.0000      3.0267      0.0000
     5         O          2.3180      0.0000      0.0000
     6         O         -2.3180      0.0000      0.0000
     7         H          2.6579     -0.7487      0.0500
     8         H          2.6579      0.7487     -0.0500
     9         H         -2.6579     -0.7487     -0.0500
    10         H         -2.6579      0.7487      0.0500

 General Reference for PM7:
 "Optimization of Parameters for Semiempirical Methods VI: More Modifications to the 
 NDDO Approximations and Re-optimization of Parameters", J. J. P. Stewart, J. Mol. Mod., 1:32, 19 (2013)
 https://link.springer.com/article/10.1007/s00894-012-1667-x

           Empirical Formula: H4 O4 I2  =    10 atoms



      MOLECULAR POINT GROUP   :   D2h 


 TRIPLET STATE CALCULATION

      THERE ARE   20 DOUBLY FILLED LEVELS


      RHF CALCULATION, NO. OF DOUBLY OCCUPIED LEVELS = 20


                       NO. OF SINGLY OCCUPIED LEVELS =    2

          Geometry optimization using EF


 ALL CONVERGERS ARE NOW FORCED ON
 SHIFT=10, PULAY ON, CAMP-KING ON
 AND ITERATION COUNTER RESET


 """""""""""""""UNABLE TO ACHIEVE SELF-CONSISTENCE, JOB CONTINUING

          DIAGONAL MATRIX USED AS START HESSIAN

 CYCLE:     1 TIME:   1.152 TIME LEFT:  2.00D  GRAD.:   135.372 HEAT:  204.8163
 CYCLE:     2 TIME:   0.148 TIME LEFT:  2.00D  GRAD.:    62.970 HEAT:  193.5698
 CYCLE:     3 TIME:   0.078 TIME LEFT:  2.00D  GRAD.:    48.470 HEAT:  189.3887


 ALL CONVERGERS ARE NOW FORCED ON
 SHIFT=10, PULAY ON, CAMP-KING ON
 AND ITERATION COUNTER RESET


 """""""""""""""UNABLE TO ACHIEVE SELF-CONSISTENCE, JOB CONTINUING
 CYCLE:     4 TIME:   1.066 TIME LEFT:  2.00D  GRAD.:    57.498 HEAT:  186.4560
 CYCLE:     5 TIME:   0.088 TIME LEFT:  2.00D  GRAD.:    16.417 HEAT:  184.7542
 CYCLE:     6 TIME:   0.105 TIME LEFT:  2.00D  GRAD.:     7.780 HEAT:  184.5416
 CYCLE:     7 TIME:   0.281 TIME LEFT:  2.00D  GRAD.:    12.465 HEAT:  184.3718
 CYCLE:     8 TIME:   0.316 TIME LEFT:  2.00D  GRAD.:    18.882 HEAT:  184.0227
 CYCLE:     9 TIME:   0.549 TIME LEFT:  2.00D  GRAD.:    20.532 HEAT:  183.3581
 CYCLE:    10 TIME:   0.451 TIME LEFT:  2.00D  GRAD.:     6.389 HEAT:  182.5573
 CYCLE:    11 TIME:   0.207 TIME LEFT:  2.00D  GRAD.:     5.300 HEAT:  182.4471
 CYCLE:    12 TIME:   0.217 TIME LEFT:  2.00D  GRAD.:     9.264 HEAT:  182.3014
 CYCLE:    13 TIME:   0.152 TIME LEFT:  2.00D  GRAD.:     6.154 HEAT:  182.1016
 CYCLE:    14 TIME:   0.086 TIME LEFT:  2.00D  GRAD.:    12.768 HEAT:  181.9407
 CYCLE:    15 TIME:   0.129 TIME LEFT:  2.00D  GRAD.:    10.566 HEAT:  181.7484
 CYCLE:    16 TIME:   0.357 TIME LEFT:  2.00D  GRAD.:    10.589 HEAT:  181.0539
 CYCLE:    17 TIME:   0.232 TIME LEFT:  2.00D  GRAD.:    18.884 HEAT:  179.8919
 CYCLE:    18 TIME:   0.551 TIME LEFT:  2.00D  GRAD.:    29.377 HEAT:  179.6677
 CYCLE:    19 TIME:   0.088 TIME LEFT:  2.00D  GRAD.:    21.261 HEAT:  178.7780
 CYCLE:    20 TIME:   0.082 TIME LEFT:  2.00D  GRAD.:    24.852 HEAT:  177.3032
 CYCLE:    21 TIME:   0.344 TIME LEFT:  2.00D  GRAD.:    30.907 HEAT:  177.1708
 CYCLE:    22 TIME:   0.090 TIME LEFT:  2.00D  GRAD.:    27.316 HEAT:  176.3072
 CYCLE:    23 TIME:   0.125 TIME LEFT:  2.00D  GRAD.:    33.258 HEAT:  173.7087
 CYCLE:    24 TIME:   0.146 TIME LEFT:  2.00D  GRAD.:    69.899 HEAT:  173.5213
 CYCLE:    25 TIME:   0.230 TIME LEFT:  2.00D  GRAD.:    54.639 HEAT:  169.0010
 CYCLE:    26 TIME:   0.086 TIME LEFT:  2.00D  GRAD.:    62.862 HEAT:  162.4668
 CYCLE:    27 TIME:   0.367 TIME LEFT:  2.00D  GRAD.:    85.698 HEAT:  161.4815
 CYCLE:    28 TIME:   0.195 TIME LEFT:  2.00D  GRAD.:    83.659 HEAT:  156.4593
 CYCLE:    29 TIME:   0.195 TIME LEFT:  2.00D  GRAD.:   110.839 HEAT:  153.1779
 CYCLE:    30 TIME:   0.100 TIME LEFT:  2.00D  GRAD.:   115.772 HEAT:  138.8979
 CYCLE:    31 TIME:   0.139 TIME LEFT:  2.00D  GRAD.:   108.283 HEAT:  112.3673
 CYCLE:    32 TIME:   0.178 TIME LEFT:  2.00D  GRAD.:   100.829 HEAT:  103.6036
 CYCLE:    33 TIME:   0.080 TIME LEFT:  2.00D  GRAD.:    92.180 HEAT:  93.82488
 CYCLE:    34 TIME:   0.217 TIME LEFT:  2.00D  GRAD.:    33.782 HEAT:  89.38921
 CYCLE:    35 TIME:   0.080 TIME LEFT:  2.00D  GRAD.:    27.308 HEAT:  88.99845
 CYCLE:    36 TIME:   0.133 TIME LEFT:  2.00D  GRAD.:    31.129 HEAT:  88.60297
 CYCLE:    37 TIME:   0.156 TIME LEFT:  2.00D  GRAD.:    17.433 HEAT:  88.24609
 CYCLE:    38 TIME:   0.072 TIME LEFT:  2.00D  GRAD.:    25.933 HEAT:  88.23277
 CYCLE:    39 TIME:   0.070 TIME LEFT:  2.00D  GRAD.:    11.896 HEAT:  87.75726
 CYCLE:    40 TIME:   0.066 TIME LEFT:  2.00D  GRAD.:    31.055 HEAT:  87.68709
 CYCLE:    41 TIME:   0.070 TIME LEFT:  2.00D  GRAD.:    14.387 HEAT:  86.84518
 CYCLE:    42 TIME:   0.082 TIME LEFT:  2.00D  GRAD.:    20.816 HEAT:  86.19601
 CYCLE:    43 TIME:   0.131 TIME LEFT:  2.00D  GRAD.:    21.224 HEAT:  85.52838
 CYCLE:    44 TIME:   0.305 TIME LEFT:  2.00D  GRAD.:    12.702 HEAT:  85.30638
 CYCLE:    45 TIME:   0.084 TIME LEFT:  2.00D  GRAD.:     7.119 HEAT:  85.12882
 CYCLE:    46 TIME:   0.102 TIME LEFT:  2.00D  GRAD.:     4.312 HEAT:  84.94938
 CYCLE:    47 TIME:   0.141 TIME LEFT:  2.00D  GRAD.:     4.307 HEAT:  84.69270


 ALL CONVERGERS ARE NOW FORCED ON
 SHIFT=10, PULAY ON, CAMP-KING ON
 AND ITERATION COUNTER RESET


 CYCLE:    48 TIME:   0.855 TIME LEFT:  2.00D  GRAD.:    17.022 HEAT:  84.21781
 CYCLE:    49 TIME:   1.625 TIME LEFT:  2.00D  GRAD.:     7.269 HEAT:  84.21717
 CYCLE:    50 TIME:   0.080 TIME LEFT:  2.00D  GRAD.:     5.262 HEAT:  84.16745
 CYCLE:    51 TIME:   0.092 TIME LEFT:  2.00D  GRAD.:     4.783 HEAT:  84.04193
 CYCLE:    52 TIME:   0.145 TIME LEFT:  2.00D  GRAD.:     4.553 HEAT:  83.93038
 CYCLE:    53 TIME:   0.133 TIME LEFT:  2.00D  GRAD.:     6.830 HEAT:  83.62785
 CYCLE:    54 TIME:   0.090 TIME LEFT:  2.00D  GRAD.:     5.868 HEAT:  83.38657
 CYCLE:    55 TIME:   0.076 TIME LEFT:  2.00D  GRAD.:     6.002 HEAT:  83.08343
 CYCLE:    56 TIME:   0.074 TIME LEFT:  2.00D  GRAD.:     9.167 HEAT:  82.55171
 CYCLE:    57 TIME:   0.143 TIME LEFT:  2.00D  GRAD.:     9.839 HEAT:  82.47214
 CYCLE:    58 TIME:   0.074 TIME LEFT:  2.00D  GRAD.:    13.170 HEAT:  82.25967
 CYCLE:    59 TIME:   0.301 TIME LEFT:  2.00D  GRAD.:    14.364 HEAT:  82.24408
 CYCLE:    60 TIME:   0.064 TIME LEFT:  2.00D  GRAD.:     6.916 HEAT:  81.88775
 CYCLE:    61 TIME:   0.092 TIME LEFT:  2.00D  GRAD.:    10.647 HEAT:  81.55848
 CYCLE:    62 TIME:   0.074 TIME LEFT:  2.00D  GRAD.:    12.328 HEAT:  81.08762
 CYCLE:    63 TIME:   0.105 TIME LEFT:  2.00D  GRAD.:    12.945 HEAT:  80.32518
 CYCLE:    64 TIME:   0.096 TIME LEFT:  2.00D  GRAD.:    23.801 HEAT:  78.67220
 CYCLE:    65 TIME:   0.701 TIME LEFT:  2.00D  GRAD.:    21.605 HEAT:  78.53032
 CYCLE:    66 TIME:   0.088 TIME LEFT:  2.00D  GRAD.:     9.617 HEAT:  78.13353
 CYCLE:    67 TIME:   0.074 TIME LEFT:  2.00D  GRAD.:     6.621 HEAT:  77.70683
 CYCLE:    68 TIME:   0.100 TIME LEFT:  2.00D  GRAD.:     7.156 HEAT:  76.94158
 CYCLE:    69 TIME:   0.271 TIME LEFT:  2.00D  GRAD.:    13.188 HEAT:  76.72158
 CYCLE:    70 TIME:   0.072 TIME LEFT:  2.00D  GRAD.:     8.711 HEAT:  76.19950
 CYCLE:    71 TIME:   0.086 TIME LEFT:  2.00D  GRAD.:     8.764 HEAT:  75.22435
 CYCLE:    72 TIME:   0.338 TIME LEFT:  2.00D  GRAD.:    18.985 HEAT:  75.20143
 CYCLE:    73 TIME:   0.074 TIME LEFT:  2.00D  GRAD.:    10.413 HEAT:  74.83688
 CYCLE:    74 TIME:   0.082 TIME LEFT:  2.00D  GRAD.:     9.591 HEAT:  74.26505
 CYCLE:    75 TIME:   0.402 TIME LEFT:  2.00D  GRAD.:    12.541 HEAT:  74.26359
 CYCLE:    76 TIME:   0.000 TIME LEFT:  2.00D  GRAD.:    10.643 HEAT:  74.17744
 CYCLE:    77 TIME:   0.152 TIME LEFT:  2.00D  GRAD.:     9.921 HEAT:  73.94867
 CYCLE:    78 TIME:   0.098 TIME LEFT:  2.00D  GRAD.:    10.426 HEAT:  73.95527
 CYCLE:    79 TIME:   0.104 TIME LEFT:  2.00D  GRAD.:    11.239 HEAT:  73.20621
 CYCLE:    80 TIME:   0.123 TIME LEFT:  2.00D  GRAD.:    31.334 HEAT:  72.79863
 CYCLE:    81 TIME:   0.072 TIME LEFT:  2.00D  GRAD.:    18.074 HEAT:  72.33302
 CYCLE:    82 TIME:   0.115 TIME LEFT:  2.00D  GRAD.:    12.637 HEAT:  71.50023
 CYCLE:    83 TIME:   0.170 TIME LEFT:  2.00D  GRAD.:    12.594 HEAT:  71.46854
 CYCLE:    84 TIME:   0.084 TIME LEFT:  2.00D  GRAD.:    13.680 HEAT:  70.29019
 CYCLE:    85 TIME:   0.072 TIME LEFT:  2.00D  GRAD.:    17.163 HEAT:  67.53524
 CYCLE:    86 TIME:   0.125 TIME LEFT:  2.00D  GRAD.:    46.245 HEAT:  67.08437
 CYCLE:    87 TIME:   0.076 TIME LEFT:  2.00D  GRAD.:    18.163 HEAT:  64.44589
 CYCLE:    88 TIME:   0.096 TIME LEFT:  2.00D  GRAD.:    14.722 HEAT:  61.29008
 CYCLE:    89 TIME:   0.100 TIME LEFT:  2.00D  GRAD.:    17.868 HEAT:  59.25621
 CYCLE:    90 TIME:   0.402 TIME LEFT:  2.00D  GRAD.:    28.099 HEAT:  59.18256
 CYCLE:    91 TIME:   0.080 TIME LEFT:  2.00D  GRAD.:    10.517 HEAT:  58.75629
 CYCLE:    92 TIME:   0.074 TIME LEFT:  2.00D  GRAD.:    10.017 HEAT:  58.58078
 CYCLE:    93 TIME:   0.172 TIME LEFT:  2.00D  GRAD.:    16.173 HEAT:  58.47336
 CYCLE:    94 TIME:   0.100 TIME LEFT:  2.00D  GRAD.:     7.572 HEAT:  58.24862
 CYCLE:    95 TIME:   0.088 TIME LEFT:  2.00D  GRAD.:     7.589 HEAT:  58.17554
 CYCLE:    96 TIME:   0.109 TIME LEFT:  2.00D  GRAD.:    13.467 HEAT:  57.97548
 CYCLE:    97 TIME:   0.100 TIME LEFT:  2.00D  GRAD.:    17.612 HEAT:  57.68472
 CYCLE:    98 TIME:   0.105 TIME LEFT:  2.00D  GRAD.:    37.480 HEAT:  56.36162
 CYCLE:    99 TIME:   0.400 TIME LEFT:  2.00D  GRAD.:    68.040 HEAT:  55.42823
 CYCLE:   100 TIME:   0.244 TIME LEFT:  2.00D  GRAD.:    68.925 HEAT:  55.14311
 CYCLE:   101 TIME:   0.115 TIME LEFT:  2.00D  GRAD.:    81.720 HEAT:  51.83319
 CYCLE:   102 TIME:   0.131 TIME LEFT:  2.00D  GRAD.:    94.782 HEAT:  45.07253
 CYCLE:   103 TIME:   0.133 TIME LEFT:  2.00D  GRAD.:   108.645 HEAT:  33.47404
 CYCLE:   104 TIME:   0.127 TIME LEFT:  2.00D  GRAD.:   191.182 HEAT:  25.56556
 CYCLE:   105 TIME:   0.539 TIME LEFT:  2.00D  GRAD.:   166.024 HEAT:  18.29798


 ALL CONVERGERS ARE NOW FORCED ON
 SHIFT=10, PULAY ON, CAMP-KING ON
 AND ITERATION COUNTER RESET


 CYCLE:   106 TIME:   0.732 TIME LEFT:  2.00D  GRAD.:   108.303 HEAT:  8.231335
 CYCLE:   107 TIME:   0.457 TIME LEFT:  2.00D  GRAD.:    91.326 HEAT:-0.3336310E-01
 CYCLE:   108 TIME:   0.107 TIME LEFT:  2.00D  GRAD.:    51.787 HEAT: -6.615652
 CYCLE:   109 TIME:   0.232 TIME LEFT:  2.00D  GRAD.:    75.309 HEAT: -7.184479
 CYCLE:   110 TIME:   0.369 TIME LEFT:  2.00D  GRAD.:    58.508 HEAT: -8.152325
 CYCLE:   111 TIME:   0.193 TIME LEFT:  2.00D  GRAD.:    40.245 HEAT: -10.09061
 CYCLE:   112 TIME:   0.100 TIME LEFT:  2.00D  GRAD.:    42.882 HEAT: -10.90562
 CYCLE:   113 TIME:   0.170 TIME LEFT:  2.00D  GRAD.:    46.862 HEAT: -11.47449
 CYCLE:   114 TIME:   0.143 TIME LEFT:  2.00D  GRAD.:    16.000 HEAT: -12.65317
 CYCLE:   115 TIME:   0.254 TIME LEFT:  2.00D  GRAD.:    24.975 HEAT: -13.21243
 CYCLE:   116 TIME:   0.264 TIME LEFT:  2.00D  GRAD.:    22.825 HEAT: -13.60534
 CYCLE:   117 TIME:   0.117 TIME LEFT:  2.00D  GRAD.:    12.358 HEAT: -13.99477
 CYCLE:   118 TIME:   0.107 TIME LEFT:  2.00D  GRAD.:     9.355 HEAT: -14.18379
 CYCLE:   119 TIME:   0.107 TIME LEFT:  2.00D  GRAD.:     8.742 HEAT: -14.31813
 CYCLE:   120 TIME:   0.107 TIME LEFT:  2.00D  GRAD.:     9.434 HEAT: -14.44769
 CYCLE:   121 TIME:   0.107 TIME LEFT:  2.00D  GRAD.:     9.189 HEAT: -14.57533
 CYCLE:   122 TIME:   0.303 TIME LEFT:  2.00D  GRAD.:    11.739 HEAT: -14.76842
 CYCLE:   123 TIME:   0.152 TIME LEFT:  2.00D  GRAD.:     8.554 HEAT: -14.89887
 CYCLE:   124 TIME:   0.111 TIME LEFT:  2.00D  GRAD.:     6.870 HEAT: -14.97857
 CYCLE:   125 TIME:   0.127 TIME LEFT:  2.00D  GRAD.:    10.157 HEAT: -15.12132
 CYCLE:   126 TIME:   0.281 TIME LEFT:  2.00D  GRAD.:    12.899 HEAT: -15.28522
 CYCLE:   127 TIME:   0.150 TIME LEFT:  2.00D  GRAD.:    14.648 HEAT: -15.57934
 CYCLE:   128 TIME:   0.104 TIME LEFT:  2.00D  GRAD.:    13.778 HEAT: -15.78013
 CYCLE:   129 TIME:   0.076 TIME LEFT:  2.00D  GRAD.:     9.893 HEAT: -15.88259
 CYCLE:   130 TIME:   0.080 TIME LEFT:  2.00D  GRAD.:     7.578 HEAT: -15.95672
 CYCLE:   131 TIME:   0.109 TIME LEFT:  2.00D  GRAD.:     7.749 HEAT: -16.09515
 CYCLE:   132 TIME:   0.223 TIME LEFT:  2.00D  GRAD.:    15.971 HEAT: -16.37899
 CYCLE:   133 TIME:   0.090 TIME LEFT:  2.00D  GRAD.:    24.342 HEAT: -16.48138
 CYCLE:   134 TIME:   0.082 TIME LEFT:  2.00D  GRAD.:     7.959 HEAT: -16.69048
 CYCLE:   135 TIME:   0.088 TIME LEFT:  2.00D  GRAD.:     6.254 HEAT: -16.74301
 CYCLE:   136 TIME:   0.078 TIME LEFT:  2.00D  GRAD.:     3.811 HEAT: -16.77872
 CYCLE:   137 TIME:   0.129 TIME LEFT:  2.00D  GRAD.:     8.087 HEAT: -16.79200
 CYCLE:   138 TIME:   0.072 TIME LEFT:  2.00D  GRAD.:     3.893 HEAT: -16.81761
 CYCLE:   139 TIME:   0.070 TIME LEFT:  2.00D  GRAD.:     2.771 HEAT: -16.83140
 CYCLE:   140 TIME:   0.078 TIME LEFT:  2.00D  GRAD.:     2.295 HEAT: -16.84495
 CYCLE:   141 TIME:   0.088 TIME LEFT:  2.00D  GRAD.:     2.244 HEAT: -16.85513
 CYCLE:   142 TIME:   0.078 TIME LEFT:  2.00D  GRAD.:     3.033 HEAT: -16.86260
 CYCLE:   143 TIME:   0.109 TIME LEFT:  2.00D  GRAD.:     3.649 HEAT: -16.87562
 CYCLE:   144 TIME:   0.221 TIME LEFT:  2.00D  GRAD.:     5.505 HEAT: -16.90891
 CYCLE:   145 TIME:   0.088 TIME LEFT:  2.00D  GRAD.:     3.206 HEAT: -16.93564
 CYCLE:   146 TIME:   0.072 TIME LEFT:  2.00D  GRAD.:     2.299 HEAT: -16.98545
 CYCLE:   147 TIME:   0.072 TIME LEFT:  2.00D  GRAD.:     1.640 HEAT: -16.98896
 CYCLE:   148 TIME:   0.070 TIME LEFT:  2.00D  GRAD.:     0.526 HEAT: -16.99024

     GRADIENT =  0.52581 IS LESS THAN CUTOFF =  1.00000



 -------------------------------------------------------------------------------
 AUX LARGE CHARGE=0 TRIPLET  PM7 OPEN(2,2)  GRAPHF ALLVEC RHF
  ...
 U 0.00000000 0.00000000 0.00000000


     GEOMETRY OPTIMISED USING EIGENVECTOR FOLLOWING (EF).     
     SCF FIELD WAS ACHIEVED                                   


                              PM7 CALCULATION
                                                       MOPAC v23.2.5 Linux
                                                       Tue Aug 25 06:53:31 2026




          FINAL HEAT OF FORMATION =        -16.99024 KCAL/MOL =     -71.08718 KJ/MOL


          COSMO AREA              =        198.88 SQUARE ANGSTROMS
          COSMO VOLUME            =        196.01 CUBIC ANGSTROMS

          GRADIENT NORM           =          0.52581          =       0.16628 PER ATOM
          NO. OF FILLED LEVELS    =         20
          AND NO. OF OPEN LEVELS  =          2
          MOLECULAR WEIGHT        =        321.8382         POINT GROUP:  C1  

          MOLECULAR DIMENSIONS (Angstroms)

            Atom       Atom       Distance
            I     4    I     3     8.27301
            H     9    H     7     4.28797
            O     2    O     1     2.41801


          SCF CALCULATIONS        =        192

          WALL-CLOCK TIME         =     27.229 SECONDS
          COMPUTATION TIME        =          5 MINUTES AND 29.924 SECONDS




   ATOM   CHEMICAL          X               Y               Z
  NUMBER   SYMBOL      (ANGSTROMS)     (ANGSTROMS)     (ANGSTROMS)

     1       O          0.53916280  *   0.32598054  *   1.26666536  *
     2       O         -0.57717900  *  -0.47292571  *  -1.51515315  *
     3       I         -0.02431427  *  -4.10407376  *   0.05187416  *
     4       I          0.05601929  *   4.16743908  *   0.18748312  *
     5       O          1.43107471  *   0.20887237  *   0.15761208  *
     6       O         -1.46327062  *   0.04392417  *  -0.52165958  *
     7       H          2.06159782  *  -0.44803734  *   0.55036129  *
     8       H          0.28242171  *  -0.25192331  *  -1.07216571  *
     9       H         -2.10192329  *  -0.71384133  *  -0.49156313  *
    10       H         -0.31803646  *   0.28104716  *   0.76797011  *

                             CARTESIAN COORDINATES

   1    O        0.539162801     0.325980537     1.266665356
   2    O       -0.577179000    -0.472925709    -1.515153147
   3    I       -0.024314271    -4.104073758     0.051874155
   4    I        0.056019289     4.167439085     0.187483121
   5    O        1.431074712     0.208872372     0.157612083
   6    O       -1.463270625     0.043924167    -0.521659581
   7    H        2.061597820    -0.448037338     0.550361292
   8    H        0.282421715    -0.251923312    -1.072165712
   9    H       -2.101923294    -0.713841333    -0.491563127
  10    H       -0.318036461     0.281047162     0.767970109


           Empirical Formula: H4 O4 I2  =    10 atoms



      MOLECULAR POINT GROUP   :   C1  


                EIGENVECTORS  


   Root No.       1         2         3         4         5         6         7         8

                 1 A       2 A       3 A       4 A       5 A       6 A       7 A       8 A   

               -29.909   -29.120   -28.305   -28.110   -21.664   -21.249   -18.394   -17.444
  
  S   O    1    0.4383   -0.2634    0.6133    0.4271   -0.0009   -0.0037    0.2134    0.1154
  Px  O    1   -0.0091   -0.0589   -0.1092   -0.1140   -0.0009   -0.0026    0.3800   -0.3935
  Py  O    1   -0.0281    0.0264    0.0009    0.0079   -0.0002    0.0007   -0.0303   -0.0494
  Pz  O    1   -0.1394    0.1068   -0.0604   -0.0223    0.0003   -0.0010    0.1752    0.4416
  S   O    2    0.4259    0.2785   -0.5657    0.4906   -0.0024   -0.0014    0.2114    0.0192
  Px  O    2    0.0100   -0.0563   -0.0963    0.1269    0.0020    0.0012   -0.3764    0.1172
  Py  O    2    0.0504    0.0380   -0.0303    0.0200   -0.0011    0.0002   -0.1102   -0.0513
  Pz  O    2    0.1293    0.1074   -0.0498    0.0192    0.0000    0.0003   -0.1274   -0.0698
  S   I    3    0.0024    0.0007   -0.0005   -0.0003    1.0000   -0.0001    0.0009   -0.0022
  Px  I    3   -0.0001   -0.0007   -0.0003    0.0002    0.0002    0.0000   -0.0006    0.0007
  Py  I    3    0.0019    0.0005   -0.0005    0.0000    0.0026    0.0000   -0.0008    0.0021
  Pz  I    3   -0.0002   -0.0003    0.0002   -0.0001    0.0009   -0.0000    0.0002    0.0001
  x2  I    3   -0.0018   -0.0004    0.0005   -0.0005    0.0000   -0.0000    0.0006   -0.0005
  xz  I    3    0.0001    0.0001   -0.0000   -0.0001   -0.0001   -0.0000    0.0003    0.0000
  z2  I    3   -0.0012   -0.0003    0.0002    0.0001   -0.0009   -0.0000    0.0001   -0.0004
  yz  I    3   -0.0005   -0.0006    0.0007   -0.0004    0.0003    0.0000    0.0000    0.0000
  xy  I    3   -0.0002   -0.0012   -0.0004    0.0002    0.0000    0.0000   -0.0005    0.0005
  S   I    4    0.0013   -0.0003    0.0010    0.0011    0.0001    1.0000    0.0052   -0.0007
  Px  I    4   -0.0001   -0.0000   -0.0001   -0.0001   -0.0000   -0.0010    0.0005   -0.0005
  Py  I    4   -0.0011    0.0003   -0.0009   -0.0009   -0.0000    0.0043    0.0035    0.0006
  Pz  I    4    0.0001   -0.0001    0.0002    0.0001   -0.0000   -0.0001   -0.0001    0.0001
  x2  I    4   -0.0015    0.0004   -0.0009   -0.0008    0.0000    0.0006    0.0017    0.0006
  xz  I    4    0.0000   -0.0000    0.0000   -0.0000   -0.0000   -0.0001    0.0001   -0.0001
  z2  I    4   -0.0008    0.0003   -0.0005   -0.0003    0.0000    0.0005    0.0010    0.0004
  yz  I    4   -0.0002    0.0003   -0.0006   -0.0002   -0.0000    0.0002   -0.0002   -0.0001
  xy  I    4   -0.0001    0.0003    0.0002    0.0001    0.0000    0.0006   -0.0004    0.0006
  S   O    5    0.4638   -0.5785   -0.2982   -0.4310   -0.0017    0.0005   -0.1451   -0.0387
  Px  O    5   -0.0476   -0.0144   -0.0955   -0.1136    0.0005   -0.0002    0.2262    0.5635
  Py  O    5   -0.0607    0.0728    0.0546    0.0613   -0.0008    0.0003   -0.0896   -0.3130
  Pz  O    5    0.0993   -0.1227    0.0537   -0.0246   -0.0005   -0.0016    0.3144   -0.3075
  S   O    6    0.4526    0.5841    0.2422   -0.4684   -0.0026    0.0001   -0.1389    0.0125
  Px  O    6    0.0457   -0.0133   -0.0825    0.1243   -0.0015    0.0006   -0.2208   -0.0832
  Py  O    6   -0.1033   -0.1294   -0.0075    0.0659   -0.0009    0.0006   -0.2335    0.0219
  Pz  O    6   -0.0472   -0.0640    0.0736   -0.0204    0.0014    0.0010   -0.2156    0.1250
  S   H    7    0.1699   -0.2157   -0.0995   -0.1573    0.0011   -0.0004    0.1808    0.2650
  S   H    8    0.1974    0.0738   -0.1977    0.1695    0.0020    0.0011   -0.2747    0.0284
  S   H    9    0.1661    0.2180    0.0795   -0.1699    0.0021   -0.0004    0.1735    0.0257
  S   H   10    0.2015   -0.0664    0.2132    0.1464    0.0007    0.0030   -0.2781    0.0794


   Root No.       9        10        11        12        13        14        15        16

                 9 A      10 A      11 A      12 A      13 A      14 A      15 A      16 A   

               -17.407   -16.665   -15.191   -14.795   -13.111   -12.177   -10.925   -10.668
  
  S   O    1    0.0269    0.0616    0.1632    0.2051   -0.0610   -0.0776    0.0151    0.0297
  Px  O    1   -0.0368    0.4045    0.0992    0.2882   -0.0257   -0.1706    0.0106    0.1283
  Py  O    1   -0.0175   -0.1112    0.2806    0.1640    0.3800    0.4277    0.5933    0.4369
  Pz  O    1    0.0916    0.0388    0.2773    0.3592   -0.0891   -0.2419   -0.0802    0.0533
  S   O    2   -0.1188   -0.0652    0.1435   -0.2201    0.0559   -0.0806   -0.0103    0.0325
  Px  O    2   -0.3660    0.4183   -0.0700    0.2956   -0.0224    0.1778   -0.0155   -0.1215
  Py  O    2    0.2924    0.1087    0.0887    0.0456   -0.3453    0.5035   -0.4853    0.4164
  Pz  O    2    0.3438   -0.0272   -0.3481    0.4250    0.1320   -0.0355    0.2104   -0.3163
  S   I    3    0.0028   -0.0001    0.0032   -0.0015    0.0001   -0.0012   -0.0003    0.0004
  Px  I    3    0.0015    0.0024    0.0006   -0.0013   -0.0003    0.0004    0.0024    0.0006
  Py  I    3   -0.0030   -0.0001   -0.0085    0.0037    0.0018    0.0012    0.0102   -0.0134
  Pz  I    3    0.0009    0.0000    0.0004   -0.0014   -0.0006    0.0014   -0.0026    0.0019
  x2  I    3    0.0007   -0.0000    0.0021   -0.0006   -0.0004    0.0007   -0.0007    0.0008
  xz  I    3   -0.0001   -0.0002   -0.0002   -0.0001    0.0001   -0.0001    0.0001   -0.0001
  z2  I    3    0.0004    0.0001    0.0015   -0.0004   -0.0001    0.0001   -0.0002    0.0002
  yz  I    3    0.0008    0.0002    0.0003   -0.0008   -0.0005    0.0006   -0.0011    0.0007
  xy  I    3    0.0008    0.0015    0.0002   -0.0006   -0.0005    0.0002    0.0002    0.0001
  S   I    4    0.0002    0.0014    0.0011    0.0013   -0.0008   -0.0011   -0.0001    0.0001
  Px  I    4   -0.0001    0.0000    0.0006    0.0011    0.0004   -0.0002   -0.0009    0.0000
  Py  I    4    0.0002    0.0020   -0.0004    0.0019   -0.0050   -0.0074   -0.0045   -0.0010
  Pz  I    4   -0.0000   -0.0005    0.0001   -0.0005    0.0015    0.0014    0.0025    0.0025
  x2  I    4   -0.0000    0.0007   -0.0007    0.0003   -0.0012   -0.0014   -0.0008   -0.0004
  xz  I    4    0.0001    0.0001    0.0001    0.0000    0.0000    0.0001    0.0001    0.0001
  z2  I    4    0.0001    0.0003   -0.0005    0.0002   -0.0008   -0.0008   -0.0003    0.0000
  yz  I    4    0.0001    0.0004   -0.0001    0.0001   -0.0008   -0.0005   -0.0007   -0.0005
  xy  I    4    0.0002    0.0003   -0.0005   -0.0008   -0.0006   -0.0003    0.0001   -0.0000
  S   O    5   -0.0312   -0.2288    0.1992    0.0960   -0.0372   -0.0879   -0.0417   -0.0096
  Px  O    5    0.1450    0.0817    0.0820    0.0124    0.3606    0.2745   -0.1844   -0.2288
  Py  O    5   -0.0784   -0.2253    0.4389    0.2118    0.3562    0.1401   -0.3944   -0.3690
  Pz  O    5   -0.0023    0.3508   -0.2032   -0.2008    0.2976    0.2555   -0.1151   -0.1583
  S   O    6    0.0521    0.2318    0.1908   -0.1140    0.0316   -0.0894    0.0405   -0.0163
  Px  O    6    0.5800    0.0861   -0.0748    0.0158    0.3446   -0.2918   -0.1438    0.2521
  Py  O    6    0.1116    0.3824    0.4507   -0.3295   -0.1418   -0.0108    0.2324   -0.2645
  Pz  O    6   -0.4079    0.1800   -0.0714   -0.0471    0.4277   -0.3125   -0.2558    0.3790
  S   H    7    0.0841    0.2093   -0.2057   -0.1235    0.0768    0.1415    0.0794    0.0259
  S   H    8   -0.0699    0.1852   -0.1325    0.2773   -0.1026    0.1266    0.0306   -0.0594
  S   H    9   -0.2816   -0.2109   -0.1943    0.1426   -0.0693    0.1448   -0.0756    0.0384
  S   H   10    0.0028   -0.1781   -0.1584   -0.2634    0.1101    0.1207   -0.0401   -0.0526


   Root No.      17        18        19        20        21        22        23        24

                17 A      18 A      19 A      20 A      21 A      22 A      23 A      24 A   

                -9.506    -9.503    -9.095    -9.088    -6.659    -6.243     0.382     0.639
  
  S   O    1    0.0002   -0.0001    0.0001   -0.0001    0.0000    0.0006   -0.0790    0.0555
  Px  O    1    0.0035   -0.0016   -0.0023   -0.0022   -0.0005   -0.0055   -0.2019    0.2519
  Py  O    1   -0.0000   -0.0015    0.0041    0.0001    0.0003    0.0080    0.0620   -0.0483
  Pz  O    1    0.0031   -0.0013   -0.0027   -0.0018   -0.0004   -0.0061    0.4798   -0.3799
  S   O    2    0.0002   -0.0001    0.0000    0.0000    0.0004    0.0002    0.0707    0.0662
  Px  O    2   -0.0062    0.0018   -0.0000    0.0011    0.0025    0.0018   -0.1628   -0.2741
  Py  O    2    0.0095   -0.0034   -0.0002    0.0001   -0.0048    0.0006    0.1859    0.1968
  Pz  O    2   -0.0108    0.0037   -0.0003    0.0005    0.0051    0.0008    0.3845    0.4014
  S   I    3   -0.0026    0.0008    0.0000    0.0000   -0.0003    0.0000    0.0001   -0.0001
  Px  I    3    0.3685    0.9259   -0.0001   -0.0000    0.0833   -0.0000    0.0010    0.0002
  Py  I    3    0.9158   -0.3463    0.0000    0.0001   -0.2024    0.0001    0.0009    0.0000
  Pz  I    3    0.1587   -0.1510    0.0000    0.0000    0.9757   -0.0001   -0.0007   -0.0005
  x2  I    3   -0.0002    0.0001    0.0000    0.0000    0.0000    0.0000    0.0003    0.0003
  xz  I    3    0.0000    0.0001   -0.0000   -0.0000    0.0000   -0.0000   -0.0000    0.0000
  z2  I    3   -0.0001    0.0000    0.0000    0.0000    0.0001    0.0000    0.0000   -0.0002
  yz  I    3    0.0001   -0.0001   -0.0000    0.0000    0.0002   -0.0000    0.0006    0.0004
  xy  I    3    0.0001    0.0002    0.0000    0.0000    0.0000   -0.0000   -0.0005   -0.0001
  S   I    4    0.0000    0.0000   -0.0002   -0.0009    0.0000   -0.0043   -0.0002    0.0001
  Px  I    4   -0.0000    0.0001    0.7484    0.5424   -0.0000   -0.3816    0.0005   -0.0000
  Py  I    4   -0.0000    0.0001    0.2088    0.3533    0.0001    0.9118    0.0015   -0.0001
  Pz  I    4   -0.0001   -0.0000   -0.6294    0.7622   -0.0000   -0.1512   -0.0005    0.0003
  x2  I    4   -0.0000    0.0000   -0.0002   -0.0002    0.0000   -0.0004   -0.0004   -0.0001
  xz  I    4    0.0000   -0.0000    0.0001   -0.0001   -0.0000    0.0000    0.0001    0.0000
  z2  I    4   -0.0000    0.0000   -0.0000   -0.0001    0.0000   -0.0002   -0.0002   -0.0002
  yz  I    4    0.0000   -0.0000   -0.0003    0.0003   -0.0000   -0.0001   -0.0004    0.0004
  xy  I    4   -0.0000   -0.0000    0.0003    0.0002   -0.0000   -0.0002    0.0006    0.0001
  S   O    5    0.0002   -0.0001   -0.0004    0.0001    0.0000    0.0003    0.0882   -0.0682
  Px  O    5   -0.0026    0.0005    0.0003    0.0005   -0.0002    0.0018   -0.2590    0.2128
  Py  O    5    0.0037    0.0015   -0.0012    0.0007   -0.0004    0.0008   -0.0639    0.0303
  Pz  O    5   -0.0027    0.0003   -0.0001    0.0006   -0.0001    0.0016    0.4222   -0.3984
  S   O    6   -0.0002    0.0001    0.0002    0.0003    0.0003    0.0004   -0.0780   -0.0797
  Px  O    6    0.0058   -0.0036    0.0001   -0.0004   -0.0028    0.0001   -0.2247   -0.2428
  Py  O    6    0.0001   -0.0040    0.0001    0.0004   -0.0005   -0.0001    0.2514    0.2828
  Pz  O    6    0.0047   -0.0013    0.0001   -0.0007   -0.0010   -0.0000    0.2718    0.3584
  S   H    7   -0.0002    0.0002    0.0009   -0.0001    0.0000   -0.0006   -0.1216    0.0888
  S   H    8   -0.0007    0.0004   -0.0000   -0.0001   -0.0005   -0.0006   -0.1138   -0.0584
  S   H    9    0.0008   -0.0007   -0.0004   -0.0005   -0.0009   -0.0007    0.1084    0.1053
  S   H   10   -0.0002   -0.0000   -0.0002    0.0000   -0.0001   -0.0014    0.1211   -0.0411


   Root No.      25        26        27        28        29        30        31        32

                25 A      26 A      27 A      28 A      29 A      30 A      31 A      32 A   

                 3.691     4.553     5.421     5.531   122.037   122.127   122.132   122.406
  
  S   O    1   -0.1049    0.0155   -0.0818    0.0985    0.0001   -0.0000   -0.0000   -0.0001
  Px  O    1    0.2236    0.1021    0.3148   -0.3230   -0.0000   -0.0000    0.0000   -0.0001
  Py  O    1    0.0086    0.0042    0.0132   -0.0069   -0.0004    0.0001    0.0001    0.0003
  Pz  O    1    0.2150   -0.0824    0.0825   -0.1148   -0.0001   -0.0001   -0.0001    0.0001
  S   O    2   -0.1036   -0.0187   -0.0577   -0.1154   -0.0000    0.0003    0.0008    0.0001
  Px  O    2   -0.2228    0.0932   -0.2372   -0.3890   -0.0000    0.0004    0.0001   -0.0004
  Py  O    2   -0.1054   -0.0525   -0.0161   -0.0583    0.0002   -0.0008   -0.0021   -0.0001
  Pz  O    2   -0.1833   -0.0716   -0.0515   -0.1164    0.0004    0.0002    0.0006    0.0001
  S   I    3   -0.0019   -0.0003    0.0002   -0.0006    0.0010   -0.0000   -0.0000   -0.0000
  Px  I    3    0.0005    0.0027   -0.0006   -0.0000    0.0000   -0.0000    0.0000   -0.0003
  Py  I    3   -0.0067   -0.0011    0.0003   -0.0018    0.0002    0.0000    0.0000   -0.0001
  Pz  I    3    0.0010    0.0008    0.0002    0.0013   -0.0000   -0.0001   -0.0002    0.0000
  x2  I    3   -0.0019   -0.0002   -0.0005   -0.0006   -0.0311    0.1622    0.1235   -0.1896
  xz  I    3    0.0002    0.0001   -0.0002   -0.0000    0.1399    0.8637   -0.4366    0.2045
  z2  I    3   -0.0015   -0.0002    0.0003   -0.0002    0.9325    0.0328    0.3585   -0.0165
  yz  I    3   -0.0005   -0.0006   -0.0002   -0.0010   -0.3298    0.4576    0.8002   -0.0424
  xy  I    3   -0.0003   -0.0020    0.0003    0.0000   -0.0345   -0.1313    0.1590    0.9592
  S   I    4   -0.0010   -0.0000   -0.0009    0.0007   -0.0000   -0.0000   -0.0000    0.0000
  Px  I    4   -0.0002    0.0005    0.0002   -0.0002    0.0000   -0.0000    0.0000    0.0000
  Py  I    4    0.0051   -0.0002    0.0029   -0.0025    0.0000    0.0000    0.0000   -0.0000
  Pz  I    4   -0.0003    0.0000   -0.0004    0.0008   -0.0000    0.0000    0.0000    0.0000
  x2  I    4   -0.0019    0.0002   -0.0008    0.0008    0.0016    0.0005    0.0010   -0.0037
  xz  I    4    0.0000    0.0001   -0.0000    0.0000   -0.0000    0.0001    0.0001    0.0005
  z2  I    4   -0.0012    0.0001   -0.0004    0.0005    0.0009    0.0003    0.0006   -0.0028
  yz  I    4   -0.0000    0.0001   -0.0003    0.0007    0.0003   -0.0004   -0.0007   -0.0010
  xy  I    4   -0.0000    0.0007    0.0002   -0.0001    0.0003    0.0001   -0.0002   -0.0040
  S   O    5   -0.1141    0.1096    0.0441    0.0205    0.0001    0.0000    0.0000   -0.0001
  Px  O    5   -0.1621    0.2901    0.2361    0.0448   -0.0002   -0.0000   -0.0001    0.0002
  Py  O    5    0.2160   -0.2627   -0.1576   -0.0105   -0.0004   -0.0001   -0.0001    0.0005
  Pz  O    5   -0.0884    0.0843    0.0479    0.1648   -0.0000   -0.0001   -0.0001    0.0001
  S   O    6   -0.1117   -0.1107    0.0493   -0.0113    0.0001    0.0000    0.0001    0.0001
  Px  O    6    0.1591    0.2927   -0.2480   -0.0060    0.0001    0.0001    0.0003    0.0000
  Py  O    6    0.2230    0.2649   -0.1776    0.0628   -0.0003   -0.0001   -0.0006   -0.0004
  Pz  O    6   -0.0456   -0.0739    0.0158    0.1407    0.0002   -0.0000   -0.0001    0.0001
  S   H    7    0.4045   -0.5547   -0.3781   -0.0936    0.0011    0.0000    0.0000   -0.0018
  S   H    8    0.3754   -0.0396    0.3467    0.6065    0.0006    0.0013    0.0018   -0.0009
  S   H    9    0.3928    0.5547   -0.3989    0.0117    0.0010   -0.0001    0.0018    0.0020
  S   H   10    0.3812    0.0534    0.4711   -0.5107    0.0008    0.0000    0.0001   -0.0001


   Root No.      33        34        35        36        37        38

                33 A      34 A      35 A      36 A      37 A      38 A   

               122.406   122.508   122.588   122.600   122.854   122.854
  
  S   O    1    0.0002    0.0008    0.0004   -0.0001    0.0000    0.0001
  Px  O    1   -0.0001    0.0001   -0.0004    0.0003   -0.0001   -0.0001
  Py  O    1   -0.0006    0.0023    0.0013   -0.0003    0.0001    0.0002
  Pz  O    1   -0.0001   -0.0006    0.0001    0.0005   -0.0001    0.0001
  S   O    2    0.0006   -0.0000    0.0000   -0.0001    0.0000   -0.0000
  Px  O    2    0.0002    0.0000   -0.0000    0.0000   -0.0000    0.0000
  Py  O    2   -0.0014    0.0001    0.0000   -0.0003    0.0000   -0.0001
  Pz  O    2    0.0008    0.0000    0.0000   -0.0001    0.0000   -0.0000
  S   I    3    0.0000   -0.0000   -0.0000    0.0000   -0.0000    0.0000
  Px  I    3   -0.0001   -0.0000    0.0000   -0.0000    0.0000   -0.0000
  Py  I    3    0.0003   -0.0000   -0.0000    0.0000   -0.0000    0.0000
  Pz  I    3    0.0001   -0.0000   -0.0000   -0.0000   -0.0000   -0.0000
  x2  I    3    0.9598   -0.0132   -0.0029    0.0051   -0.0005    0.0004
  xz  I    3   -0.0449    0.0015    0.0001   -0.0002   -0.0000   -0.0000
  z2  I    3   -0.0247   -0.0015   -0.0004    0.0011   -0.0002    0.0001
  yz  I    3   -0.1993    0.0021    0.0009   -0.0001    0.0001    0.0002
  xy  I    3    0.1902    0.0036   -0.0010    0.0007   -0.0003    0.0002
  S   I    4   -0.0000   -0.0010   -0.0000    0.0000   -0.0000    0.0000
  Px  I    4   -0.0000   -0.0002    0.0003   -0.0002    0.0001   -0.0001
  Py  I    4    0.0000    0.0004    0.0001   -0.0003    0.0000   -0.0000
  Pz  I    4   -0.0000   -0.0001   -0.0003   -0.0003   -0.0001   -0.0001
  x2  I    4    0.0114    0.5780    0.4496   -0.5750   -0.3423   -0.1259
  xz  I    4   -0.0005   -0.1219   -0.1598   -0.3661   -0.1315    0.8991
  z2  I    4    0.0066    0.4627   -0.1758   -0.1915    0.8440    0.0769
  yz  I    4    0.0019    0.2296    0.6529    0.5893    0.1071    0.4028
  xy  I    4    0.0037    0.6198   -0.5614    0.3890   -0.3765    0.0876
  S   O    5    0.0001    0.0006   -0.0001   -0.0002   -0.0000    0.0000
  Px  O    5   -0.0003   -0.0005   -0.0002    0.0004   -0.0000    0.0001
  Py  O    5   -0.0004    0.0018   -0.0003   -0.0005   -0.0000    0.0000
  Pz  O    5    0.0000    0.0001    0.0003    0.0003    0.0001    0.0000
  S   O    6    0.0002    0.0001    0.0001   -0.0003    0.0001   -0.0001
  Px  O    6    0.0004    0.0002    0.0001   -0.0003    0.0000   -0.0001
  Py  O    6   -0.0007    0.0002    0.0004   -0.0009    0.0004   -0.0004
  Pz  O    6    0.0002    0.0001    0.0002   -0.0001    0.0001    0.0001
  S   H    7    0.0007    0.0006   -0.0001   -0.0001   -0.0000    0.0000
  S   H    8    0.0020    0.0007   -0.0001   -0.0009   -0.0000   -0.0003
  S   H    9    0.0015    0.0000    0.0001   -0.0003    0.0001   -0.0001
  S   H   10    0.0014    0.0023    0.0019   -0.0017    0.0007    0.0001


              NET ATOMIC CHARGES AND DIPOLE CONTRIBUTIONS

  ATOM NO.   TYPE          CHARGE      No. of ELECS.   s-Pop       p-Pop       d-Pop       
    1          O          -0.281550        6.2815     1.92602     4.35553
    2          O          -0.281039        6.2810     1.92577     4.35527
    3          I           0.000016        7.0000     1.99999     4.99994     0.00006
    4          I          -0.000093        7.0001     1.99997     5.00007     0.00004
    5          O          -0.305375        6.3054     1.92036     4.38502
    6          O          -0.299745        6.2997     1.92058     4.37916
    7          H           0.291394        0.7086     0.70861
    8          H           0.293696        0.7063     0.70630
    9          H           0.288217        0.7118     0.71178
   10          H           0.294479        0.7055     0.70552
 DIPOLE           X         Y         Z       TOTAL
 POINT-CHG.    -0.018    -1.747     0.516     1.822
 HYBRID         0.009    -0.327     0.085     0.338
 SUM           -0.010    -2.075     0.601     2.160


          ATOMIC ORBITAL ELECTRON POPULATIONS

     Atom    s        px        py        pz      x^2-y^2     xz        z^2       yz        xy
    1  O   1.92602   1.26386   1.98694   1.10473
    2  O   1.92577   1.26488   1.81829   1.27210
    3  I   1.99999   1.99303   1.95891   1.04799   0.00002   0.00000   0.00001   0.00001   0.00001
    4  I   1.99997   1.85438   1.16854   1.97715   0.00003   0.00000   0.00001   0.00001   0.00001
    5  O   1.92036   1.43899   1.70876   1.23727
    6  O   1.92058   1.43613   1.40281   1.54023
    7  H   0.70861
    8  H   0.70630
    9  H   0.71178
   10  H   0.70552

           DATA FOR GRAPH WRITTEN TO DISK

 **********************
 *                    *
 * JOB ENDED NORMALLY *
 *                    *
 **********************



 TOTAL JOB TIME:            27.23 SECONDS

 == MOPAC DONE ==
